08/29/2025 6|2
08/30/2025 1|1
08/31/2025 4|1
09/01/2025 5|3
09/02/2025 6|5
09/03/2025 1|1
09/04/2025 0|0
09/05/2025 5|0
09/06/2025 6|1
09/07/2025 1|2
09/08/2025 4|1
09/09/2025 4|1
09/10/2025 4|1
09/11/2025 7|1
09/12/2025 6|1
09/13/2025 3|1
09/14/2025 2|2
09/15/2025 4|0
09/16/2025 1|0
09/17/2025 9|4
09/18/2025 6|1
09/19/2025 5|1
09/20/2025 1|1
09/21/2025 5|0
09/22/2025 12|1
09/23/2025 1|3
09/24/2025 8|0
09/25/2025 7|0
09/26/2025 4|1
09/27/2025 6|1
09/28/2025 13|4
09/29/2025 6|2
09/30/2025 7|6
10/01/2025 3|0
10/02/2025 3|2
10/03/2025 5|3
10/04/2025 5|4
10/05/2025 4|5
10/06/2025 10|5
10/07/2025 7|5
10/08/2025 4|1
10/09/2025 3|1
10/10/2025 10|2
10/11/2025 7|1
10/12/2025 7|1
10/12/2025 6|2
10/14/2025 2|1
10/15/2025 1|2
10/16/2025 1|0
10/17/2025 11|0
10/18/2025 5|1
10/19/2025 13|6
10/20/2025 5|0
10/21/2025 1|1
10/22/2025 6|3
10/23/2025 5|1
10/24/2025 1|0
10/25/2025 10|3
10/26/2025 8|2
10/27/2025 12|6
10/28/2025 12|0
10/29/2025 2|1
